Java HotSpot(TM) Client VM (25.102-b14) for windows-x86 JRE (1.8.0_102-b14), built on Jun 22 2016 13:13:29 by "java_re" with MS VC++ 10.0 (VS2010)
Memory: 4k page, physical 16657324k(8188068k free), swap 17705900k(4815768k free)
CommandLine flags: -XX:InitialHeapSize=16777216 -XX:MaxHeapSize=268435456 -XX:MaxNewSize=89481216 -XX:MaxTenuringThreshold=6 -XX:OldPLABSize=16 -XX:+PrintGC -XX:+PrintGCDateStamps -XX:+PrintGCDetails -XX:+PrintGCTimeStamps -XX:+UseConcMarkSweepGC -XX:-UseLargePagesIndividualAllocation -XX:+UseParNewGC 
2020-10-25T16:54:35.763+0800: 0.293: [GC (Allocation Failure) 2020-10-25T16:54:35.763+0800: 0.293: [ParNew: 3982K->511K(4928K), 0.0026603 secs] 3982K->1943K(15872K), 0.0028725 secs] [Times: user=0.00 sys=0.00, real=0.00 secs] 
2020-10-25T16:54:35.768+0800: 0.298: [GC (Allocation Failure) 2020-10-25T16:54:35.768+0800: 0.298: [ParNew: 4914K->197K(4928K), 0.0023076 secs] 6346K->3116K(15872K), 0.0023652 secs] [Times: user=0.00 sys=0.00, real=0.00 secs] 
2020-10-25T16:54:35.772+0800: 0.303: [GC (Allocation Failure) 2020-10-25T16:54:35.772+0800: 0.303: [ParNew: 4478K->400K(4928K), 0.0006376 secs] 7398K->3474K(15872K), 0.0007344 secs] [Times: user=0.00 sys=0.00, real=0.00 secs] 
2020-10-25T16:54:35.774+0800: 0.304: [GC (Allocation Failure) 2020-10-25T16:54:35.774+0800: 0.304: [ParNew: 4719K->472K(4928K), 0.0013357 secs] 7792K->5221K(15872K), 0.0014033 secs] [Times: user=0.00 sys=0.00, real=0.00 secs] 
2020-10-25T16:54:35.777+0800: 0.307: [GC (Allocation Failure) 2020-10-25T16:54:35.777+0800: 0.307: [ParNew: 4791K->501K(4928K), 0.0016079 secs] 9541K->7770K(15872K), 0.0016715 secs] [Times: user=0.00 sys=0.00, real=0.00 secs] 
2020-10-25T16:54:35.778+0800: 0.309: [GC (CMS Initial Mark) [1 CMS-initial-mark: 7269K(10944K)] 8098K(15872K), 0.0002280 secs] [Times: user=0.00 sys=0.00, real=0.00 secs] 
2020-10-25T16:54:35.779+0800: 0.309: [CMS-concurrent-mark-start]
2020-10-25T16:54:35.780+0800: 0.310: [CMS-concurrent-mark: 0.001/0.001 secs] [Times: user=0.00 sys=0.00, real=0.00 secs] 
2020-10-25T16:54:35.780+0800: 0.310: [CMS-concurrent-preclean-start]
2020-10-25T16:54:35.780+0800: 0.310: [GC (Allocation Failure) 2020-10-25T16:54:35.780+0800: 0.310: [ParNew: 4760K->431K(4928K), 0.0016284 secs] 12029K->9837K(15872K), 0.0016901 secs] [Times: user=0.00 sys=0.00, real=0.00 secs] 
2020-10-25T16:54:35.782+0800: 0.312: [CMS-concurrent-preclean: 0.000/0.002 secs] [Times: user=0.00 sys=0.00, real=0.00 secs] 
2020-10-25T16:54:35.782+0800: 0.312: [GC (CMS Final Remark) [YG occupancy: 1103 K (4928 K)]2020-10-25T16:54:35.782+0800: 0.312: [Rescan (parallel) , 0.0008644 secs]2020-10-25T16:54:35.783+0800: 0.313: [weak refs processing, 0.0000664 secs]2020-10-25T16:54:35.783+0800: 0.313: [class unloading, 0.0001948 secs]2020-10-25T16:54:35.783+0800: 0.313: [scrub symbol table, 0.0003287 secs]2020-10-25T16:54:35.783+0800: 0.314: [scrub string table, 0.0000284 secs][1 CMS-remark: 9406K(10944K)] 10509K(15872K), 0.0015664 secs] [Times: user=0.00 sys=0.00, real=0.00 secs] 
2020-10-25T16:54:35.783+0800: 0.314: [CMS-concurrent-sweep-start]
2020-10-25T16:54:35.784+0800: 0.314: [CMS-concurrent-sweep: 0.000/0.000 secs] [Times: user=0.00 sys=0.00, real=0.00 secs] 
2020-10-25T16:54:35.784+0800: 0.314: [CMS-concurrent-reset-start]
2020-10-25T16:54:35.785+0800: 0.315: [GC (Allocation Failure) 2020-10-25T16:54:35.785+0800: 0.315: [ParNew: 4729K->510K(4928K), 0.0011496 secs] 14135K->11458K(20604K), 0.0011931 secs] [Times: user=0.00 sys=0.00, real=0.00 secs] 
2020-10-25T16:54:35.788+0800: 0.318: [GC (Allocation Failure) 2020-10-25T16:54:35.788+0800: 0.318: [ParNew: 4821K->451K(4928K), 0.0013341 secs] 15769K->13385K(20604K), 0.0014139 secs] [Times: user=0.00 sys=0.00, real=0.00 secs] 
2020-10-25T16:54:35.790+0800: 0.320: [CMS-concurrent-reset: 0.003/0.006 secs] [Times: user=0.00 sys=0.00, real=0.01 secs] 
2020-10-25T16:54:35.791+0800: 0.321: [GC (Allocation Failure) 2020-10-25T16:54:35.791+0800: 0.321: [ParNew: 4861K->408K(4928K), 0.0011520 secs] 17796K->15292K(20604K), 0.0012555 secs] [Times: user=0.08 sys=0.00, real=0.00 secs] 
2020-10-25T16:54:35.793+0800: 0.323: [GC (CMS Initial Mark) [1 CMS-initial-mark: 14883K(15676K)] 15835K(20604K), 0.0002374 secs] [Times: user=0.00 sys=0.00, real=0.00 secs] 
2020-10-25T16:54:35.793+0800: 0.323: [CMS-concurrent-mark-start]
2020-10-25T16:54:35.794+0800: 0.324: [CMS-concurrent-mark: 0.001/0.001 secs] [Times: user=0.00 sys=0.00, real=0.00 secs] 
2020-10-25T16:54:35.794+0800: 0.324: [CMS-concurrent-preclean-start]
2020-10-25T16:54:35.794+0800: 0.324: [CMS-concurrent-preclean: 0.000/0.000 secs] [Times: user=0.00 sys=0.00, real=0.00 secs] 
2020-10-25T16:54:35.794+0800: 0.324: [CMS-concurrent-abortable-preclean-start]
2020-10-25T16:54:35.794+0800: 0.324: [GC (Allocation Failure) 2020-10-25T16:54:35.794+0800: 0.324: [ParNew: 4665K->510K(4928K), 0.0009007 secs] 19548K->16543K(21476K), 0.0009367 secs] [Times: user=0.00 sys=0.00, real=0.00 secs] 
2020-10-25T16:54:35.796+0800: 0.327: [GC (Allocation Failure) 2020-10-25T16:54:35.796+0800: 0.327: [ParNew: 4750K->506K(4928K), 0.0011425 secs] 20783K->17536K(22456K), 0.0011919 secs] [Times: user=0.00 sys=0.00, real=0.00 secs] 
2020-10-25T16:54:35.799+0800: 0.329: [GC (Allocation Failure) 2020-10-25T16:54:35.799+0800: 0.329: [ParNew: 4910K->486K(4928K), 0.0011413 secs] 21940K->19102K(23956K), 0.0012484 secs] [Times: user=0.00 sys=0.00, real=0.00 secs] 
2020-10-25T16:54:35.802+0800: 0.332: [GC (Allocation Failure) 2020-10-25T16:54:35.802+0800: 0.333: [ParNew: 4671K->505K(4928K), 0.0011168 secs] 23287K->19854K(24680K), 0.0012152 secs] [Times: user=0.00 sys=0.00, real=0.00 secs] 
2020-10-25T16:54:35.804+0800: 0.335: [GC (Allocation Failure) 2020-10-25T16:54:35.804+0800: 0.335: [ParNew: 4866K->483K(4928K), 0.0023783 secs] 24215K->21862K(26720K), 0.0024308 secs] [Times: user=0.00 sys=0.00, real=0.00 secs] 
2020-10-25T16:54:35.809+0800: 0.339: [GC (Allocation Failure) 2020-10-25T16:54:35.809+0800: 0.339: [ParNew: 4789K->454K(4928K), 0.0013626 secs] 26167K->22577K(27516K), 0.0014704 secs] [Times: user=0.00 sys=0.00, real=0.00 secs] 
2020-10-25T16:54:35.812+0800: 0.342: [GC (Allocation Failure) 2020-10-25T16:54:35.812+0800: 0.342: [ParNew: 4870K->428K(4928K), 0.0014961 secs] 26993K->23682K(28640K), 0.0015534 secs] [Times: user=0.00 sys=0.00, real=0.00 secs] 
2020-10-25T16:54:35.815+0800: 0.345: [GC (Allocation Failure) 2020-10-25T16:54:35.815+0800: 0.345: [ParNew: 4786K->493K(4928K), 0.0014609 secs] 28041K->26400K(31300K), 0.0015095 secs] [Times: user=0.00 sys=0.00, real=0.00 secs] 
2020-10-25T16:54:35.817+0800: 0.348: [GC (Allocation Failure) 2020-10-25T16:54:35.817+0800: 0.348: [ParNew: 4697K->507K(4928K), 0.0015174 secs] 30604K->27935K(32776K), 0.0015720 secs] [Times: user=0.00 sys=0.00, real=0.00 secs] 
2020-10-25T16:54:35.820+0800: 0.350: [GC (Allocation Failure) 2020-10-25T16:54:35.820+0800: 0.350: [ParNew: 4169K->485K(4928K), 0.0010793 secs] 31597K->28815K(33680K), 0.0011370 secs] [Times: user=0.00 sys=0.00, real=0.00 secs] 
2020-10-25T16:54:35.823+0800: 0.353: [GC (Allocation Failure) 2020-10-25T16:54:35.823+0800: 0.353: [ParNew: 4861K->472K(4928K), 0.0015961 secs] 33192K->30710K(35620K), 0.0016656 secs] [Times: user=0.09 sys=0.00, real=0.00 secs] 
2020-10-25T16:54:35.826+0800: 0.357: [GC (Allocation Failure) 2020-10-25T16:54:35.826+0800: 0.357: [ParNew: 4801K->506K(4928K), 0.0017272 secs] 35039K->32239K(37140K), 0.0017956 secs] [Times: user=0.00 sys=0.00, real=0.00 secs] 
2020-10-25T16:54:35.829+0800: 0.360: [GC (Allocation Failure) 2020-10-25T16:54:35.829+0800: 0.360: [ParNew: 4919K->502K(4928K), 0.0012930 secs] 36651K->34222K(39036K), 0.0013404 secs] [Times: user=0.00 sys=0.00, real=0.00 secs] 
2020-10-25T16:54:35.832+0800: 0.363: [GC (Allocation Failure) 2020-10-25T16:54:35.832+0800: 0.363: [ParNew: 4834K->487K(4928K), 0.0013610 secs] 38555K->35937K(40836K), 0.0014151 secs] [Times: user=0.00 sys=0.00, real=0.00 secs] 
2020-10-25T16:54:35.835+0800: 0.365: [GC (Allocation Failure) 2020-10-25T16:54:35.835+0800: 0.365: [ParNew: 4502K->506K(4928K), 0.0019852 secs] 39952K->37524K(42404K), 0.0020448 secs] [Times: user=0.00 sys=0.00, real=0.00 secs] 
2020-10-25T16:54:35.838+0800: 0.368: [GC (Allocation Failure) 2020-10-25T16:54:35.838+0800: 0.368: [ParNew: 4832K->170K(4928K), 0.0016055 secs] 41850K->38667K(43792K), 0.0017375 secs] [Times: user=0.09 sys=0.00, real=0.00 secs] 
2020-10-25T16:54:35.841+0800: 0.372: [GC (Allocation Failure) 2020-10-25T16:54:35.841+0800: 0.372: [ParNew: 4443K->422K(4928K), 0.0012421 secs] 42940K->40158K(45036K), 0.0013227 secs] [Times: user=0.00 sys=0.00, real=0.00 secs] 
2020-10-25T16:54:35.844+0800: 0.374: [GC (Allocation Failure) 2020-10-25T16:54:35.844+0800: 0.374: [ParNew: 4405K->507K(4928K), 0.0023957 secs] 44141K->42653K(47496K), 0.0024585 secs] [Times: user=0.00 sys=0.00, real=0.00 secs] 
2020-10-25T16:54:35.848+0800: 0.378: [GC (Allocation Failure) 2020-10-25T16:54:35.848+0800: 0.378: [ParNew: 4681K->485K(4928K), 0.0010386 secs] 46828K->43385K(48320K), 0.0011236 secs] [Times: user=0.00 sys=0.00, real=0.00 secs] 
2020-10-25T16:54:35.850+0800: 0.381: [GC (Allocation Failure) 2020-10-25T16:54:35.850+0800: 0.381: [ParNew: 4788K->467K(4928K), 0.0010410 secs] 47688K->44434K(49280K), 0.0010931 secs] [Times: user=0.00 sys=0.00, real=0.00 secs] 
2020-10-25T16:54:35.853+0800: 0.383: [GC (Allocation Failure) 2020-10-25T16:54:35.853+0800: 0.383: [ParNew: 4875K->477K(4928K), 0.0014230 secs] 48843K->46786K(51720K), 0.0014748 secs] [Times: user=0.01 sys=0.00, real=0.00 secs] 
2020-10-25T16:54:35.857+0800: 0.387: [GC (Allocation Failure) 2020-10-25T16:54:35.857+0800: 0.387: [ParNew: 4822K->505K(4928K), 0.0011872 secs] 51131K->48522K(53404K), 0.0012891 secs] [Times: user=0.00 sys=0.00, real=0.00 secs] 
2020-10-25T16:54:35.859+0800: 0.389: [GC (Allocation Failure) 2020-10-25T16:54:35.859+0800: 0.389: [ParNew: 4670K->410K(4928K), 0.0010552 secs] 52687K->50058K(55072K), 0.0011650 secs] [Times: user=0.00 sys=0.00, real=0.00 secs] 
2020-10-25T16:54:35.862+0800: 0.392: [GC (Allocation Failure) 2020-10-25T16:54:35.862+0800: 0.392: [ParNew: 4687K->498K(4928K), 0.0014064 secs] 54336K->50921K(55824K), 0.0014578 secs] [Times: user=0.00 sys=0.00, real=0.00 secs] 
2020-10-25T16:54:35.864+0800: 0.394: [GC (Allocation Failure) 2020-10-25T16:54:35.864+0800: 0.394: [ParNew: 4879K->492K(4928K), 0.0012563 secs] 55302K->52662K(57540K), 0.0012990 secs] [Times: user=0.00 sys=0.00, real=0.00 secs] 
2020-10-25T16:54:35.867+0800: 0.397: [GC (Allocation Failure) 2020-10-25T16:54:35.867+0800: 0.397: [ParNew: 4867K->505K(4928K), 0.0015664 secs] 57037K->54572K(59468K), 0.0016233 secs] [Times: user=0.00 sys=0.00, real=0.00 secs] 
2020-10-25T16:54:35.870+0800: 0.400: [GC (Allocation Failure) 2020-10-25T16:54:35.870+0800: 0.400: [ParNew: 4906K->412K(4928K), 0.0008893 secs] 58973K->55672K(60708K), 0.0009647 secs] [Times: user=0.02 sys=0.00, real=0.00 secs] 
2020-10-25T16:54:35.872+0800: 0.402: [GC (Allocation Failure) 2020-10-25T16:54:35.872+0800: 0.402: [ParNew: 4779K->498K(4928K), 0.0010931 secs] 60039K->56666K(61544K), 0.0011560 secs] [Times: user=0.00 sys=0.00, real=0.00 secs] 
2020-10-25T16:54:35.874+0800: 0.404: [GC (Allocation Failure) 2020-10-25T16:54:35.874+0800: 0.404: [ParNew: 4847K->498K(4928K), 0.0013602 secs] 61015K->58249K(63168K), 0.0014357 secs] [Times: user=0.00 sys=0.00, real=0.00 secs] 
2020-10-25T16:54:35.877+0800: 0.407: [GC (Allocation Failure) 2020-10-25T16:54:35.877+0800: 0.407: [ParNew: 4914K->507K(4928K), 0.0014973 secs] 62665K->59478K(64360K), 0.0015392 secs] [Times: user=0.00 sys=0.00, real=0.00 secs] 
2020-10-25T16:54:35.879+0800: 0.409: [GC (Allocation Failure) 2020-10-25T16:54:35.879+0800: 0.409: [ParNew: 4595K->0K(4928K), 0.0011042 secs] 63566K->59470K(64916K), 0.0012006 secs] [Times: user=0.00 sys=0.00, real=0.00 secs] 
2020-10-25T16:54:35.894+0800: 0.424: [GC (Allocation Failure) 2020-10-25T16:54:35.894+0800: 0.424: [ParNew: 24117K->2940K(27072K), 0.0033221 secs] 83587K->66703K(91244K), 0.0034236 secs] [Times: user=0.00 sys=0.00, real=0.00 secs] 
2020-10-25T16:54:35.905+0800: 0.435: [GC (Allocation Failure) 2020-10-25T16:54:35.905+0800: 0.435: [ParNew: 26829K->2942K(27072K), 0.0042201 secs] 90592K->73325K(97944K), 0.0042900 secs] [Times: user=0.00 sys=0.00, real=0.00 secs] 
2020-10-25T16:54:35.915+0800: 0.445: [GC (Allocation Failure) 2020-10-25T16:54:35.915+0800: 0.445: [ParNew: 27070K->2938K(27072K), 0.0046831 secs] 97453K->82943K(107512K), 0.0047577 secs] [Times: user=0.08 sys=0.02, real=0.01 secs] 
2020-10-25T16:54:35.927+0800: 0.457: [GC (Allocation Failure) 2020-10-25T16:54:35.927+0800: 0.457: [ParNew: 26833K->2932K(27072K), 0.0051441 secs] 106838K->92821K(117352K), 0.0052302 secs] [Times: user=0.00 sys=0.00, real=0.00 secs] 
2020-10-25T16:54:35.942+0800: 0.472: [GC (Allocation Failure) 2020-10-25T16:54:35.942+0800: 0.472: [ParNew: 26863K->2938K(27072K), 0.0054313 secs] 116752K->102142K(126740K), 0.0055068 secs] [Times: user=0.00 sys=0.00, real=0.01 secs] 
2020-10-25T16:54:35.957+0800: 0.487: [GC (Allocation Failure) 2020-10-25T16:54:35.957+0800: 0.487: [ParNew: 26929K->2943K(27072K), 0.0053246 secs] 126134K->111694K(136224K), 0.0053977 secs] [Times: user=0.00 sys=0.00, real=0.00 secs] 
2020-10-25T16:54:35.971+0800: 0.501: [GC (Allocation Failure) 2020-10-25T16:54:35.971+0800: 0.502: [ParNew: 26832K->2932K(27072K), 0.0067824 secs] 135583K->122170K(146736K), 0.0068674 secs] [Times: user=0.00 sys=0.00, real=0.01 secs] 
2020-10-25T16:54:35.997+0800: 0.527: [GC (Allocation Failure) 2020-10-25T16:54:35.997+0800: 0.527: [ParNew: 26769K->2940K(27072K), 0.0041327 secs] 146008K->128816K(153364K), 0.0042268 secs] [Times: user=0.00 sys=0.00, real=0.00 secs] 
2020-10-25T16:54:36.017+0800: 0.547: [GC (Allocation Failure) 2020-10-25T16:54:36.017+0800: 0.547: [ParNew: 27068K->2918K(27072K), 0.0054250 secs] 152944K->137043K(161696K), 0.0055016 secs] [Times: user=0.00 sys=0.00, real=0.01 secs] 
2020-10-25T16:54:36.030+0800: 0.560: [GC (Allocation Failure) 2020-10-25T16:54:36.030+0800: 0.560: [ParNew: 26548K->2932K(27072K), 0.0047949 secs] 160673K->146108K(170684K), 0.0048755 secs] [Times: user=0.00 sys=0.00, real=0.00 secs] 
2020-10-25T16:54:36.043+0800: 0.573: [GC (Allocation Failure) 2020-10-25T16:54:36.043+0800: 0.573: [ParNew: 26453K->2940K(27072K), 0.0049177 secs] 169630K->154873K(179480K), 0.0050007 secs] [Times: user=0.00 sys=0.00, real=0.01 secs] 
2020-10-25T16:54:36.057+0800: 0.587: [GC (Allocation Failure) 2020-10-25T16:54:36.057+0800: 0.587: [ParNew: 26949K->2933K(27072K), 0.0040016 secs] 178882K->161762K(186388K), 0.0040747 secs] [Times: user=0.08 sys=0.02, real=0.00 secs] 
2020-10-25T16:54:36.068+0800: 0.598: [GC (Allocation Failure) 2020-10-25T16:54:36.068+0800: 0.599: [ParNew: 26800K->2928K(27072K), 0.0057063 secs] 185629K->172351K(196972K), 0.0057877 secs] [Times: user=0.08 sys=0.03, real=0.01 secs] 
2020-10-25T16:54:36.082+0800: 0.613: [GC (Allocation Failure) 2020-10-25T16:54:36.082+0800: 0.613: [ParNew: 26925K->26925K(27072K), 0.0000265 secs]2020-10-25T16:54:36.083+0800: 0.613: [CMS2020-10-25T16:54:36.083+0800: 0.613: [CMS-concurrent-abortable-preclean: 0.012/0.288 secs] [Times: user=0.58 sys=0.08, real=0.29 secs] 
 (concurrent mode failure): 169422K->141345K(169900K), 0.0285302 secs] 196347K->141345K(196972K), [Metaspace: 2041K->2041K(4480K)], 0.0287751 secs] [Times: user=0.03 sys=0.00, real=0.03 secs] 
2020-10-25T16:54:36.142+0800: 0.673: [GC (Allocation Failure) 2020-10-25T16:54:36.142+0800: 0.673: [ParNew: 69952K->8698K(78656K), 0.0056952 secs] 211297K->164593K(253440K), 0.0057612 secs] [Times: user=0.00 sys=0.00, real=0.01 secs] 
2020-10-25T16:54:36.148+0800: 0.678: [GC (CMS Initial Mark) [1 CMS-initial-mark: 155894K(174784K)] 165260K(253440K), 0.0001533 secs] [Times: user=0.00 sys=0.00, real=0.00 secs] 
2020-10-25T16:54:36.148+0800: 0.679: [CMS-concurrent-mark-start]
2020-10-25T16:54:36.150+0800: 0.680: [CMS-concurrent-mark: 0.002/0.002 secs] [Times: user=0.00 sys=0.00, real=0.00 secs] 
2020-10-25T16:54:36.150+0800: 0.680: [CMS-concurrent-preclean-start]
2020-10-25T16:54:36.151+0800: 0.681: [CMS-concurrent-preclean: 0.001/0.001 secs] [Times: user=0.00 sys=0.00, real=0.00 secs] 
2020-10-25T16:54:36.151+0800: 0.681: [CMS-concurrent-abortable-preclean-start]
2020-10-25T16:54:36.167+0800: 0.698: [GC (Allocation Failure) 2020-10-25T16:54:36.167+0800: 0.698: [ParNew (promotion failed): 78650K->78652K(78656K), 0.0090370 secs]2020-10-25T16:54:36.176+0800: 0.707: [CMS2020-10-25T16:54:36.176+0800: 0.707: [CMS-concurrent-abortable-preclean: 0.001/0.026 secs] [Times: user=0.01 sys=0.02, real=0.03 secs] 
 (concurrent mode failure): 174504K->172556K(174784K), 0.0347275 secs] 234545K->172556K(253440K), [Metaspace: 2041K->2041K(4480K)], 0.0439795 secs] [Times: user=0.03 sys=0.00, real=0.04 secs] 
2020-10-25T16:54:36.230+0800: 0.760: [GC (Allocation Failure) 2020-10-25T16:54:36.230+0800: 0.760: [ParNew: 69952K->69952K(78656K), 0.0000178 secs]2020-10-25T16:54:36.230+0800: 0.760: [CMS: 172556K->174597K(174784K), 0.0347382 secs] 242508K->183869K(253440K), [Metaspace: 2041K->2041K(4480K)], 0.0348571 secs] [Times: user=0.03 sys=0.00, real=0.04 secs] 
2020-10-25T16:54:36.265+0800: 0.795: [GC (CMS Initial Mark) [1 CMS-initial-mark: 174597K(174784K)] 184547K(253440K), 0.0002169 secs] [Times: user=0.00 sys=0.00, real=0.00 secs] 
2020-10-25T16:54:36.265+0800: 0.795: [CMS-concurrent-mark-start]
2020-10-25T16:54:36.267+0800: 0.797: [CMS-concurrent-mark: 0.002/0.002 secs] [Times: user=0.00 sys=0.00, real=0.00 secs] 
2020-10-25T16:54:36.267+0800: 0.797: [CMS-concurrent-preclean-start]
2020-10-25T16:54:36.268+0800: 0.799: [CMS-concurrent-preclean: 0.001/0.001 secs] [Times: user=0.00 sys=0.00, real=0.00 secs] 
2020-10-25T16:54:36.268+0800: 0.799: [CMS-concurrent-abortable-preclean-start]
2020-10-25T16:54:36.268+0800: 0.799: [CMS-concurrent-abortable-preclean: 0.000/0.000 secs] [Times: user=0.00 sys=0.00, real=0.00 secs] 
2020-10-25T16:54:36.269+0800: 0.799: [GC (CMS Final Remark) [YG occupancy: 21833 K (78656 K)]2020-10-25T16:54:36.269+0800: 0.799: [Rescan (parallel) , 0.0008336 secs]2020-10-25T16:54:36.270+0800: 0.800: [weak refs processing, 0.0000881 secs]2020-10-25T16:54:36.270+0800: 0.800: [class unloading, 0.0002505 secs]2020-10-25T16:54:36.270+0800: 0.800: [scrub symbol table, 0.0003947 secs]2020-10-25T16:54:36.270+0800: 0.800: [scrub string table, 0.0000320 secs][1 CMS-remark: 174597K(174784K)] 196430K(253440K), 0.0016857 secs] [Times: user=0.00 sys=0.00, real=0.00 secs] 
2020-10-25T16:54:36.270+0800: 0.800: [CMS-concurrent-sweep-start]
2020-10-25T16:54:36.271+0800: 0.801: [CMS-concurrent-sweep: 0.000/0.000 secs] [Times: user=0.00 sys=0.00, real=0.00 secs] 
2020-10-25T16:54:36.271+0800: 0.801: [CMS-concurrent-reset-start]
2020-10-25T16:54:36.272+0800: 0.802: [CMS-concurrent-reset: 0.001/0.001 secs] [Times: user=0.00 sys=0.00, real=0.00 secs] 
2020-10-25T16:54:36.285+0800: 0.815: [GC (Allocation Failure) 2020-10-25T16:54:36.285+0800: 0.815: [ParNew: 78504K->78504K(78656K), 0.0000229 secs]2020-10-25T16:54:36.285+0800: 0.815: [CMS: 173957K->174675K(174784K), 0.0341002 secs] 252462K->191816K(253440K), [Metaspace: 2041K->2041K(4480K)], 0.0342203 secs] [Times: user=0.03 sys=0.00, real=0.03 secs] 
2020-10-25T16:54:36.319+0800: 0.849: [GC (CMS Initial Mark) [1 CMS-initial-mark: 174675K(174784K)] 192149K(253440K), 0.0001892 secs] [Times: user=0.00 sys=0.00, real=0.00 secs] 
2020-10-25T16:54:36.320+0800: 0.850: [CMS-concurrent-mark-start]
2020-10-25T16:54:36.321+0800: 0.852: [CMS-concurrent-mark: 0.002/0.002 secs] [Times: user=0.00 sys=0.00, real=0.00 secs] 
2020-10-25T16:54:36.321+0800: 0.852: [CMS-concurrent-preclean-start]
2020-10-25T16:54:36.323+0800: 0.853: [CMS-concurrent-preclean: 0.001/0.001 secs] [Times: user=0.00 sys=0.00, real=0.00 secs] 
2020-10-25T16:54:36.323+0800: 0.853: [CMS-concurrent-abortable-preclean-start]
2020-10-25T16:54:36.323+0800: 0.853: [CMS-concurrent-abortable-preclean: 0.000/0.000 secs] [Times: user=0.00 sys=0.00, real=0.00 secs] 
2020-10-25T16:54:36.323+0800: 0.853: [GC (CMS Final Remark) [YG occupancy: 29189 K (78656 K)]2020-10-25T16:54:36.323+0800: 0.853: [Rescan (parallel) , 0.0008778 secs]2020-10-25T16:54:36.324+0800: 0.854: [weak refs processing, 0.0000770 secs]2020-10-25T16:54:36.324+0800: 0.854: [class unloading, 0.0002307 secs]2020-10-25T16:54:36.324+0800: 0.854: [scrub symbol table, 0.0004768 secs]2020-10-25T16:54:36.325+0800: 0.855: [scrub string table, 0.0000446 secs][1 CMS-remark: 174675K(174784K)] 203865K(253440K), 0.0018125 secs] [Times: user=0.11 sys=0.00, real=0.00 secs] 
2020-10-25T16:54:36.325+0800: 0.855: [CMS-concurrent-sweep-start]
2020-10-25T16:54:36.325+0800: 0.855: [CMS-concurrent-sweep: 0.000/0.000 secs] [Times: user=0.00 sys=0.00, real=0.00 secs] 
2020-10-25T16:54:36.325+0800: 0.855: [CMS-concurrent-reset-start]
2020-10-25T16:54:36.326+0800: 0.856: [CMS-concurrent-reset: 0.001/0.001 secs] [Times: user=0.00 sys=0.00, real=0.00 secs] 
2020-10-25T16:54:36.339+0800: 0.870: [GC (Allocation Failure) 2020-10-25T16:54:36.339+0800: 0.870: [ParNew: 78583K->78583K(78656K), 0.0000201 secs]2020-10-25T16:54:36.339+0800: 0.870: [CMS: 174129K->174712K(174784K), 0.0382361 secs] 252712K->203145K(253440K), [Metaspace: 2041K->2041K(4480K)], 0.0383416 secs] [Times: user=0.03 sys=0.00, real=0.04 secs] 
2020-10-25T16:54:36.378+0800: 0.908: [GC (CMS Initial Mark) [1 CMS-initial-mark: 174712K(174784K)] 203289K(253440K), 0.0002098 secs] [Times: user=0.00 sys=0.00, real=0.00 secs] 
2020-10-25T16:54:36.378+0800: 0.908: [CMS-concurrent-mark-start]
2020-10-25T16:54:36.380+0800: 0.911: [CMS-concurrent-mark: 0.002/0.002 secs] [Times: user=0.00 sys=0.00, real=0.00 secs] 
2020-10-25T16:54:36.380+0800: 0.911: [CMS-concurrent-preclean-start]
2020-10-25T16:54:36.382+0800: 0.912: [CMS-concurrent-preclean: 0.001/0.001 secs] [Times: user=0.00 sys=0.00, real=0.00 secs] 
2020-10-25T16:54:36.382+0800: 0.912: [CMS-concurrent-abortable-preclean-start]
2020-10-25T16:54:36.382+0800: 0.912: [CMS-concurrent-abortable-preclean: 0.000/0.000 secs] [Times: user=0.00 sys=0.00, real=0.00 secs] 
2020-10-25T16:54:36.382+0800: 0.912: [GC (CMS Final Remark) [YG occupancy: 40341 K (78656 K)]2020-10-25T16:54:36.382+0800: 0.912: [Rescan (parallel) , 0.0002682 secs]2020-10-25T16:54:36.382+0800: 0.913: [weak refs processing, 0.0000798 secs]2020-10-25T16:54:36.382+0800: 0.913: [class unloading, 0.0002173 secs]2020-10-25T16:54:36.383+0800: 0.913: [scrub symbol table, 0.0005294 secs]2020-10-25T16:54:36.383+0800: 0.913: [scrub string table, 0.0000474 secs][1 CMS-remark: 174712K(174784K)] 215054K(253440K), 0.0012618 secs] [Times: user=0.00 sys=0.00, real=0.00 secs] 
2020-10-25T16:54:36.383+0800: 0.914: [CMS-concurrent-sweep-start]
2020-10-25T16:54:36.384+0800: 0.914: [CMS-concurrent-sweep: 0.000/0.000 secs] [Times: user=0.00 sys=0.00, real=0.00 secs] 
2020-10-25T16:54:36.384+0800: 0.914: [CMS-concurrent-reset-start]
2020-10-25T16:54:36.385+0800: 0.915: [CMS-concurrent-reset: 0.001/0.001 secs] [Times: user=0.00 sys=0.00, real=0.00 secs] 
2020-10-25T16:54:36.396+0800: 0.926: [GC (Allocation Failure) 2020-10-25T16:54:36.396+0800: 0.926: [ParNew: 78578K->78578K(78656K), 0.0000205 secs]2020-10-25T16:54:36.396+0800: 0.926: [CMS: 173854K->174079K(174784K), 0.0387635 secs] 252432K->210664K(253440K), [Metaspace: 2041K->2041K(4480K)], 0.0388658 secs] [Times: user=0.05 sys=0.00, real=0.04 secs] 
2020-10-25T16:54:36.435+0800: 0.965: [GC (CMS Initial Mark) [1 CMS-initial-mark: 174079K(174784K)] 210808K(253440K), 0.0002343 secs] [Times: user=0.00 sys=0.00, real=0.00 secs] 
2020-10-25T16:54:36.436+0800: 0.966: [CMS-concurrent-mark-start]
2020-10-25T16:54:36.438+0800: 0.968: [CMS-concurrent-mark: 0.003/0.003 secs] [Times: user=0.00 sys=0.00, real=0.00 secs] 
2020-10-25T16:54:36.438+0800: 0.968: [CMS-concurrent-preclean-start]
2020-10-25T16:54:36.440+0800: 0.970: [CMS-concurrent-preclean: 0.001/0.001 secs] [Times: user=0.00 sys=0.00, real=0.00 secs] 
2020-10-25T16:54:36.440+0800: 0.970: [CMS-concurrent-abortable-preclean-start]
2020-10-25T16:54:36.440+0800: 0.970: [CMS-concurrent-abortable-preclean: 0.000/0.000 secs] [Times: user=0.00 sys=0.00, real=0.00 secs] 
2020-10-25T16:54:36.440+0800: 0.970: [GC (CMS Final Remark) [YG occupancy: 49240 K (78656 K)]2020-10-25T16:54:36.440+0800: 0.970: [Rescan (parallel) , 0.0002497 secs]2020-10-25T16:54:36.440+0800: 0.970: [weak refs processing, 0.0000857 secs]2020-10-25T16:54:36.440+0800: 0.970: [class unloading, 0.0002445 secs]2020-10-25T16:54:36.441+0800: 0.971: [scrub symbol table, 0.0005602 secs]2020-10-25T16:54:36.441+0800: 0.971: [scrub string table, 0.0000466 secs][1 CMS-remark: 174079K(174784K)] 223320K(253440K), 0.0012986 secs] [Times: user=0.00 sys=0.00, real=0.00 secs] 
2020-10-25T16:54:36.441+0800: 0.971: [CMS-concurrent-sweep-start]
2020-10-25T16:54:36.442+0800: 0.972: [CMS-concurrent-sweep: 0.000/0.000 secs] [Times: user=0.00 sys=0.00, real=0.00 secs] 
2020-10-25T16:54:36.442+0800: 0.972: [CMS-concurrent-reset-start]
2020-10-25T16:54:36.443+0800: 0.973: [CMS-concurrent-reset: 0.001/0.001 secs] [Times: user=0.00 sys=0.00, real=0.00 secs] 
2020-10-25T16:54:36.450+0800: 0.980: [GC (Allocation Failure) 2020-10-25T16:54:36.450+0800: 0.980: [ParNew: 78652K->78652K(78656K), 0.0000292 secs]2020-10-25T16:54:36.450+0800: 0.980: [CMS: 172522K->174770K(174784K), 0.0465024 secs] 251174K->216299K(253440K), [Metaspace: 2041K->2041K(4480K)], 0.0466363 secs] [Times: user=0.05 sys=0.00, real=0.05 secs] 
2020-10-25T16:54:36.497+0800: 1.027: [GC (CMS Initial Mark) [1 CMS-initial-mark: 174770K(174784K)] 217548K(253440K), 0.0002149 secs] [Times: user=0.00 sys=0.00, real=0.00 secs] 
2020-10-25T16:54:36.497+0800: 1.027: [CMS-concurrent-mark-start]
2020-10-25T16:54:36.499+0800: 1.029: [CMS-concurrent-mark: 0.002/0.002 secs] [Times: user=0.00 sys=0.00, real=0.00 secs] 
2020-10-25T16:54:36.499+0800: 1.029: [CMS-concurrent-preclean-start]
2020-10-25T16:54:36.500+0800: 1.030: [CMS-concurrent-preclean: 0.001/0.001 secs] [Times: user=0.00 sys=0.00, real=0.00 secs] 
2020-10-25T16:54:36.500+0800: 1.030: [CMS-concurrent-abortable-preclean-start]
2020-10-25T16:54:36.500+0800: 1.030: [CMS-concurrent-abortable-preclean: 0.000/0.000 secs] [Times: user=0.00 sys=0.00, real=0.00 secs] 
2020-10-25T16:54:36.500+0800: 1.031: [GC (CMS Final Remark) [YG occupancy: 54801 K (78656 K)]2020-10-25T16:54:36.500+0800: 1.031: [Rescan (parallel) , 0.0002718 secs]2020-10-25T16:54:36.501+0800: 1.031: [weak refs processing, 0.0000881 secs]2020-10-25T16:54:36.501+0800: 1.031: [class unloading, 0.0002058 secs]2020-10-25T16:54:36.501+0800: 1.031: [scrub symbol table, 0.0003880 secs]2020-10-25T16:54:36.501+0800: 1.032: [scrub string table, 0.0000324 secs][1 CMS-remark: 174770K(174784K)] 229572K(253440K), 0.0011070 secs] [Times: user=0.00 sys=0.00, real=0.00 secs] 
2020-10-25T16:54:36.501+0800: 1.032: [CMS-concurrent-sweep-start]
2020-10-25T16:54:36.502+0800: 1.032: [CMS-concurrent-sweep: 0.000/0.000 secs] [Times: user=0.00 sys=0.00, real=0.00 secs] 
2020-10-25T16:54:36.502+0800: 1.032: [CMS-concurrent-reset-start]
2020-10-25T16:54:36.503+0800: 1.033: [CMS-concurrent-reset: 0.001/0.001 secs] [Times: user=0.00 sys=0.00, real=0.00 secs] 
2020-10-25T16:54:36.509+0800: 1.039: [GC (Allocation Failure) 2020-10-25T16:54:36.509+0800: 1.039: [ParNew: 78549K->78549K(78656K), 0.0000201 secs]2020-10-25T16:54:36.509+0800: 1.039: [CMS: 173697K->174696K(174784K), 0.0417786 secs] 252246K->222651K(253440K), [Metaspace: 2041K->2041K(4480K)], 0.0418928 secs] [Times: user=0.05 sys=0.00, real=0.04 secs] 
2020-10-25T16:54:36.551+0800: 1.081: [GC (CMS Initial Mark) [1 CMS-initial-mark: 174696K(174784K)] 222998K(253440K), 0.0002252 secs] [Times: user=0.00 sys=0.00, real=0.00 secs] 
2020-10-25T16:54:36.551+0800: 1.081: [CMS-concurrent-mark-start]
2020-10-25T16:54:36.553+0800: 1.083: [CMS-concurrent-mark: 0.002/0.002 secs] [Times: user=0.00 sys=0.00, real=0.00 secs] 
2020-10-25T16:54:36.553+0800: 1.083: [CMS-concurrent-preclean-start]
2020-10-25T16:54:36.554+0800: 1.085: [CMS-concurrent-preclean: 0.001/0.001 secs] [Times: user=0.00 sys=0.00, real=0.00 secs] 
2020-10-25T16:54:36.554+0800: 1.085: [CMS-concurrent-abortable-preclean-start]
2020-10-25T16:54:36.554+0800: 1.085: [CMS-concurrent-abortable-preclean: 0.000/0.000 secs] [Times: user=0.00 sys=0.00, real=0.00 secs] 
2020-10-25T16:54:36.555+0800: 1.085: [GC (CMS Final Remark) [YG occupancy: 61168 K (78656 K)]2020-10-25T16:54:36.555+0800: 1.085: [Rescan (parallel) , 0.0002572 secs]2020-10-25T16:54:36.555+0800: 1.085: [weak refs processing, 0.0000845 secs]2020-10-25T16:54:36.555+0800: 1.085: [class unloading, 0.0001833 secs]2020-10-25T16:54:36.555+0800: 1.086: [scrub symbol table, 0.0004251 secs]2020-10-25T16:54:36.556+0800: 1.086: [scrub string table, 0.0000363 secs][1 CMS-remark: 174696K(174784K)] 235864K(253440K), 0.0010951 secs] [Times: user=0.00 sys=0.00, real=0.00 secs] 
2020-10-25T16:54:36.556+0800: 1.086: [CMS-concurrent-sweep-start]
2020-10-25T16:54:36.556+0800: 1.087: [CMS-concurrent-sweep: 0.000/0.000 secs] [Times: user=0.00 sys=0.00, real=0.00 secs] 
2020-10-25T16:54:36.556+0800: 1.087: [CMS-concurrent-reset-start]
2020-10-25T16:54:36.557+0800: 1.087: [CMS-concurrent-reset: 0.001/0.001 secs] [Times: user=0.00 sys=0.00, real=0.00 secs] 
2020-10-25T16:54:36.560+0800: 1.090: [GC (Allocation Failure) 2020-10-25T16:54:36.560+0800: 1.090: [ParNew: 78631K->78631K(78656K), 0.0000229 secs]2020-10-25T16:54:36.560+0800: 1.090: [CMS: 173683K->174202K(174784K), 0.0417442 secs] 252314K->229352K(253440K), [Metaspace: 2041K->2041K(4480K)], 0.0418521 secs] [Times: user=0.03 sys=0.00, real=0.04 secs] 
2020-10-25T16:54:36.602+0800: 1.132: [GC (CMS Initial Mark) [1 CMS-initial-mark: 174202K(174784K)] 230315K(253440K), 0.0002560 secs] [Times: user=0.00 sys=0.00, real=0.00 secs] 
2020-10-25T16:54:36.602+0800: 1.133: [CMS-concurrent-mark-start]
2020-10-25T16:54:36.605+0800: 1.135: [CMS-concurrent-mark: 0.002/0.002 secs] [Times: user=0.05 sys=0.00, real=0.00 secs] 
2020-10-25T16:54:36.605+0800: 1.135: [CMS-concurrent-preclean-start]
2020-10-25T16:54:36.606+0800: 1.136: [CMS-concurrent-preclean: 0.001/0.001 secs] [Times: user=0.00 sys=0.00, real=0.00 secs] 
2020-10-25T16:54:36.606+0800: 1.136: [CMS-concurrent-abortable-preclean-start]
2020-10-25T16:54:36.606+0800: 1.136: [CMS-concurrent-abortable-preclean: 0.000/0.000 secs] [Times: user=0.00 sys=0.00, real=0.00 secs] 
2020-10-25T16:54:36.607+0800: 1.137: [GC (CMS Final Remark) [YG occupancy: 68397 K (78656 K)]2020-10-25T16:54:36.607+0800: 1.137: [Rescan (parallel) , 0.0002615 secs]2020-10-25T16:54:36.607+0800: 1.137: [weak refs processing, 0.0000640 secs]2020-10-25T16:54:36.607+0800: 1.137: [class unloading, 0.0002335 secs]2020-10-25T16:54:36.607+0800: 1.137: [scrub symbol table, 0.0004516 secs]2020-10-25T16:54:36.608+0800: 1.138: [scrub string table, 0.0000525 secs][1 CMS-remark: 174202K(174784K)] 242600K(253440K), 0.0011611 secs] [Times: user=0.00 sys=0.00, real=0.00 secs] 
2020-10-25T16:54:36.608+0800: 1.138: [CMS-concurrent-sweep-start]
2020-10-25T16:54:36.608+0800: 1.138: [CMS-concurrent-sweep: 0.000/0.000 secs] [Times: user=0.00 sys=0.00, real=0.00 secs] 
2020-10-25T16:54:36.608+0800: 1.138: [CMS-concurrent-reset-start]
2020-10-25T16:54:36.609+0800: 1.139: [CMS-concurrent-reset: 0.001/0.001 secs] [Times: user=0.00 sys=0.00, real=0.00 secs] 
2020-10-25T16:54:36.611+0800: 1.141: [GC (Allocation Failure) 2020-10-25T16:54:36.611+0800: 1.141: [ParNew: 78585K->78585K(78656K), 0.0000241 secs]2020-10-25T16:54:36.611+0800: 1.141: [CMS: 173640K->174538K(174784K), 0.0395540 secs] 252225K->233601K(253440K), [Metaspace: 2041K->2041K(4480K)], 0.0396927 secs] [Times: user=0.03 sys=0.00, real=0.04 secs] 
2020-10-25T16:54:36.651+0800: 1.181: [GC (CMS Initial Mark) [1 CMS-initial-mark: 174538K(174784K)] 234376K(253440K), 0.0002331 secs] [Times: user=0.00 sys=0.00, real=0.00 secs] 
2020-10-25T16:54:36.651+0800: 1.181: [CMS-concurrent-mark-start]
2020-10-25T16:54:36.653+0800: 1.183: [CMS-concurrent-mark: 0.002/0.002 secs] [Times: user=0.05 sys=0.00, real=0.00 secs] 
2020-10-25T16:54:36.653+0800: 1.183: [CMS-concurrent-preclean-start]
2020-10-25T16:54:36.655+0800: 1.185: [CMS-concurrent-preclean: 0.001/0.001 secs] [Times: user=0.00 sys=0.00, real=0.00 secs] 
2020-10-25T16:54:36.655+0800: 1.185: [CMS-concurrent-abortable-preclean-start]
2020-10-25T16:54:36.655+0800: 1.185: [CMS-concurrent-abortable-preclean: 0.000/0.000 secs] [Times: user=0.00 sys=0.00, real=0.00 secs] 
2020-10-25T16:54:36.655+0800: 1.185: [GC (CMS Final Remark) [YG occupancy: 71397 K (78656 K)]2020-10-25T16:54:36.655+0800: 1.185: [Rescan (parallel) , 0.0003089 secs]2020-10-25T16:54:36.655+0800: 1.185: [weak refs processing, 0.0000715 secs]2020-10-25T16:54:36.655+0800: 1.185: [class unloading, 0.0002335 secs]2020-10-25T16:54:36.655+0800: 1.185: [scrub symbol table, 0.0004709 secs]2020-10-25T16:54:36.656+0800: 1.186: [scrub string table, 0.0000466 secs][1 CMS-remark: 174538K(174784K)] 245936K(253440K), 0.0012444 secs] [Times: user=0.00 sys=0.00, real=0.00 secs] 
2020-10-25T16:54:36.656+0800: 1.186: [CMS-concurrent-sweep-start]
2020-10-25T16:54:36.656+0800: 1.187: [CMS-concurrent-sweep: 0.000/0.000 secs] [Times: user=0.00 sys=0.00, real=0.00 secs] 
2020-10-25T16:54:36.656+0800: 1.187: [CMS-concurrent-reset-start]
2020-10-25T16:54:36.657+0800: 1.187: [CMS-concurrent-reset: 0.001/0.001 secs] [Times: user=0.00 sys=0.00, real=0.00 secs] 
2020-10-25T16:54:36.658+0800: 1.188: [GC (Allocation Failure) 2020-10-25T16:54:36.658+0800: 1.188: [ParNew: 78405K->78405K(78656K), 0.0000300 secs]2020-10-25T16:54:36.658+0800: 1.188: [CMS: 172887K->174486K(174784K), 0.0393746 secs] 251293K->232662K(253440K), [Metaspace: 2041K->2041K(4480K)], 0.0395015 secs] [Times: user=0.03 sys=0.00, real=0.04 secs] 
2020-10-25T16:54:36.697+0800: 1.228: [GC (CMS Initial Mark) [1 CMS-initial-mark: 174486K(174784K)] 233145K(253440K), 0.0002560 secs] [Times: user=0.00 sys=0.00, real=0.00 secs] 
2020-10-25T16:54:36.698+0800: 1.228: [CMS-concurrent-mark-start]
2020-10-25T16:54:36.700+0800: 1.230: [CMS-concurrent-mark: 0.002/0.002 secs] [Times: user=0.05 sys=0.00, real=0.00 secs] 
2020-10-25T16:54:36.700+0800: 1.230: [CMS-concurrent-preclean-start]
2020-10-25T16:54:36.701+0800: 1.231: [CMS-concurrent-preclean: 0.001/0.001 secs] [Times: user=0.00 sys=0.00, real=0.00 secs] 
2020-10-25T16:54:36.701+0800: 1.231: [CMS-concurrent-abortable-preclean-start]
2020-10-25T16:54:36.701+0800: 1.231: [CMS-concurrent-abortable-preclean: 0.000/0.000 secs] [Times: user=0.00 sys=0.00, real=0.00 secs] 
2020-10-25T16:54:36.701+0800: 1.232: [GC (CMS Final Remark) [YG occupancy: 68164 K (78656 K)]2020-10-25T16:54:36.701+0800: 1.232: [Rescan (parallel) , 0.0006353 secs]2020-10-25T16:54:36.702+0800: 1.232: [weak refs processing, 0.0000857 secs]2020-10-25T16:54:36.702+0800: 1.232: [class unloading, 0.0002789 secs]2020-10-25T16:54:36.703+0800: 1.233: [scrub symbol table, 0.0004606 secs]2020-10-25T16:54:36.703+0800: 1.233: [scrub string table, 0.0000348 secs][1 CMS-remark: 174486K(174784K)] 242651K(253440K), 0.0016099 secs] [Times: user=0.00 sys=0.00, real=0.00 secs] 
2020-10-25T16:54:36.703+0800: 1.233: [CMS-concurrent-sweep-start]
2020-10-25T16:54:36.704+0800: 1.234: [CMS-concurrent-sweep: 0.000/0.000 secs] [Times: user=0.00 sys=0.00, real=0.00 secs] 
2020-10-25T16:54:36.704+0800: 1.234: [CMS-concurrent-reset-start]
2020-10-25T16:54:36.704+0800: 1.235: [CMS-concurrent-reset: 0.001/0.001 secs] [Times: user=0.00 sys=0.00, real=0.00 secs] 
2020-10-25T16:54:36.706+0800: 1.236: [GC (Allocation Failure) 2020-10-25T16:54:36.706+0800: 1.236: [ParNew: 78609K->78609K(78656K), 0.0000340 secs]2020-10-25T16:54:36.706+0800: 1.236: [CMS: 173668K->174781K(174784K), 0.0440553 secs] 252277K->234554K(253440K), [Metaspace: 2041K->2041K(4480K)], 0.0441932 secs] [Times: user=0.05 sys=0.00, real=0.04 secs] 
2020-10-25T16:54:36.750+0800: 1.280: [GC (CMS Initial Mark) [1 CMS-initial-mark: 174781K(174784K)] 234698K(253440K), 0.0002509 secs] [Times: user=0.00 sys=0.00, real=0.00 secs] 
2020-10-25T16:54:36.750+0800: 1.281: [CMS-concurrent-mark-start]
2020-10-25T16:54:36.753+0800: 1.283: [CMS-concurrent-mark: 0.002/0.002 secs] [Times: user=0.00 sys=0.00, real=0.00 secs] 
2020-10-25T16:54:36.753+0800: 1.283: [CMS-concurrent-preclean-start]
2020-10-25T16:54:36.754+0800: 1.284: [CMS-concurrent-preclean: 0.001/0.001 secs] [Times: user=0.00 sys=0.00, real=0.00 secs] 
2020-10-25T16:54:36.754+0800: 1.284: [CMS-concurrent-abortable-preclean-start]
2020-10-25T16:54:36.754+0800: 1.284: [CMS-concurrent-abortable-preclean: 0.000/0.000 secs] [Times: user=0.00 sys=0.00, real=0.00 secs] 
2020-10-25T16:54:36.754+0800: 1.285: [GC (CMS Final Remark) [YG occupancy: 72044 K (78656 K)]2020-10-25T16:54:36.754+0800: 1.285: [Rescan (parallel) , 0.0004674 secs]2020-10-25T16:54:36.755+0800: 1.285: [weak refs processing, 0.0000845 secs]2020-10-25T16:54:36.755+0800: 1.285: [class unloading, 0.0002528 secs]2020-10-25T16:54:36.755+0800: 1.286: [scrub symbol table, 0.0004721 secs]2020-10-25T16:54:36.756+0800: 1.286: [scrub string table, 0.0000470 secs][1 CMS-remark: 174781K(174784K)] 246825K(253440K), 0.0014534 secs] [Times: user=0.00 sys=0.00, real=0.00 secs] 
2020-10-25T16:54:36.756+0800: 1.286: [CMS-concurrent-sweep-start]
2020-10-25T16:54:36.756+0800: 1.287: [CMS-concurrent-sweep: 0.000/0.000 secs] [Times: user=0.00 sys=0.00, real=0.00 secs] 
2020-10-25T16:54:36.756+0800: 1.287: [CMS-concurrent-reset-start]
2020-10-25T16:54:36.757+0800: 1.288: [CMS-concurrent-reset: 0.001/0.001 secs] [Times: user=0.00 sys=0.00, real=0.00 secs] 
2020-10-25T16:54:36.758+0800: 1.288: [GC (Allocation Failure) 2020-10-25T16:54:36.758+0800: 1.288: [ParNew: 78625K->78625K(78656K), 0.0000253 secs]2020-10-25T16:54:36.758+0800: 1.288: [CMS: 174589K->174531K(174784K), 0.0437733 secs] 253215K->238208K(253440K), [Metaspace: 2041K->2041K(4480K)], 0.0438863 secs] [Times: user=0.05 sys=0.00, real=0.04 secs] 
2020-10-25T16:54:36.802+0800: 1.332: [GC (CMS Initial Mark) [1 CMS-initial-mark: 174531K(174784K)] 238280K(253440K), 0.0003216 secs] [Times: user=0.00 sys=0.00, real=0.00 secs] 
2020-10-25T16:54:36.803+0800: 1.333: [CMS-concurrent-mark-start]
Heap
 par new generation   total 78656K, used 65826K [0x07200000, 0x0c750000, 0x0c750000)
  eden space 69952K,  94% used [0x07200000, 0x0b248a18, 0x0b650000)
  from space 8704K,   0% used [0x0b650000, 0x0b650000, 0x0bed0000)
  to   space 8704K,   0% used [0x0bed0000, 0x0bed0000, 0x0c750000)
 concurrent mark-sweep generation total 174784K, used 174531K [0x0c750000, 0x17200000, 0x17200000)
 Metaspace       used 2045K, capacity 2306K, committed 2368K, reserved 4480K
2020-10-25T16:54:36.805+0800: 1.335: [CMS-concurrent-mark: 0.002/0.002 secs] [Times: user=0.00 sys=0.00, real=0.00 secs] 
2020-10-25T16:54:36.805+0800: 1.335: [CMS-concurrent-preclean-start]
