Java HotSpot(TM) Client VM (25.102-b14) for windows-x86 JRE (1.8.0_102-b14), built on Jun 22 2016 13:13:29 by "java_re" with MS VC++ 10.0 (VS2010)
Memory: 4k page, physical 16657324k(7730044k free), swap 17705900k(4419120k free)
CommandLine flags: -XX:InitialHeapSize=16777216 -XX:MaxHeapSize=268435456 -XX:+PrintGC -XX:+PrintGCDateStamps -XX:+PrintGCTimeStamps -XX:+UseG1GC -XX:-UseLargePagesIndividualAllocation 
2020-10-25T17:13:31.717+0800: 0.282: [GC pause (G1 Evacuation Pause) (young) 10M->3201K(16M), 0.0029294 secs]
2020-10-25T17:13:31.722+0800: 0.287: [GC pause (G1 Evacuation Pause) (young) 9883K->4765K(16M), 0.0012318 secs]
2020-10-25T17:13:31.724+0800: 0.289: [GC pause (G1 Evacuation Pause) (young) 12M->9490K(18M), 0.0013594 secs]
2020-10-25T17:13:31.726+0800: 0.291: [GC pause (G1 Humongous Allocation) (young) (initial-mark) 10M->9861K(18M), 0.0019208 secs]
2020-10-25T17:13:31.728+0800: 0.293: [GC concurrent-root-region-scan-start]
2020-10-25T17:13:31.728+0800: 0.293: [GC concurrent-root-region-scan-end, 0.0001521 secs]
2020-10-25T17:13:31.728+0800: 0.293: [GC concurrent-mark-start]
2020-10-25T17:13:31.729+0800: 0.294: [GC pause (G1 Evacuation Pause) (young) 13M->11M(18M), 0.0024122 secs]
2020-10-25T17:13:31.732+0800: 0.297: [GC concurrent-mark-end, 0.0037404 secs]
2020-10-25T17:13:31.732+0800: 0.297: [GC remark, 0.0012512 secs]
2020-10-25T17:13:31.733+0800: 0.298: [GC cleanup 13M->13M(18M), 0.0004235 secs]
2020-10-25T17:13:31.735+0800: 0.300: [GC pause (G1 Evacuation Pause) (young) 16M->12M(21M), 0.0018193 secs]
2020-10-25T17:13:31.738+0800: 0.303: [GC pause (G1 Evacuation Pause) (mixed) 17M->14M(23M), 0.0023704 secs]
2020-10-25T17:13:31.741+0800: 0.306: [GC pause (G1 Humongous Allocation) (young) (initial-mark) 16M->14M(23M), 0.0020729 secs]
2020-10-25T17:13:31.744+0800: 0.309: [GC concurrent-root-region-scan-start]
2020-10-25T17:13:31.744+0800: 0.309: [GC concurrent-root-region-scan-end, 0.0001229 secs]
2020-10-25T17:13:31.744+0800: 0.309: [GC concurrent-mark-start]
2020-10-25T17:13:31.744+0800: 0.309: [GC pause (G1 Evacuation Pause) (young) 18M->16M(23M), 0.0018892 secs]
2020-10-25T17:13:31.746+0800: 0.311: [GC concurrent-mark-end, 0.0027556 secs]
2020-10-25T17:13:31.747+0800: 0.312: [GC remark, 0.0015676 secs]
2020-10-25T17:13:31.748+0800: 0.313: [GC cleanup 16M->16M(23M), 0.0003240 secs]
2020-10-25T17:13:31.749+0800: 0.314: [GC pause (G1 Evacuation Pause) (young) 19M->17M(25M), 0.0018825 secs]
2020-10-25T17:13:31.752+0800: 0.317: [GC pause (G1 Evacuation Pause) (mixed) 21M->19M(29M), 0.0023751 secs]
2020-10-25T17:13:31.754+0800: 0.319: [GC pause (G1 Humongous Allocation) (young) (initial-mark) 19M->19M(34M), 0.0019678 secs]
2020-10-25T17:13:31.756+0800: 0.321: [GC concurrent-root-region-scan-start]
2020-10-25T17:13:31.756+0800: 0.321: [GC concurrent-root-region-scan-end, 0.0000103 secs]
2020-10-25T17:13:31.756+0800: 0.321: [GC concurrent-mark-start]
2020-10-25T17:13:31.757+0800: 0.322: [GC concurrent-mark-end, 0.0011204 secs]
2020-10-25T17:13:31.757+0800: 0.322: [GC remark, 0.0014349 secs]
2020-10-25T17:13:31.759+0800: 0.324: [GC cleanup 22M->22M(34M), 0.0003279 secs]
2020-10-25T17:13:31.762+0800: 0.327: [GC pause (G1 Evacuation Pause) (young) 29M->23M(40M), 0.0021029 secs]
2020-10-25T17:13:31.766+0800: 0.331: [GC pause (G1 Evacuation Pause) (mixed) 29M->25M(43M), 0.0021025 secs]
2020-10-25T17:13:31.771+0800: 0.337: [GC pause (G1 Humongous Allocation) (young) (initial-mark) 31M->26M(45M), 0.0022692 secs]
2020-10-25T17:13:31.774+0800: 0.339: [GC concurrent-root-region-scan-start]
2020-10-25T17:13:31.774+0800: 0.339: [GC concurrent-root-region-scan-end, 0.0001347 secs]
2020-10-25T17:13:31.774+0800: 0.339: [GC concurrent-mark-start]
2020-10-25T17:13:31.775+0800: 0.340: [GC concurrent-mark-end, 0.0011006 secs]
2020-10-25T17:13:31.775+0800: 0.340: [GC remark, 0.0016676 secs]
2020-10-25T17:13:31.777+0800: 0.342: [GC cleanup 31M->31M(45M), 0.0003398 secs]
2020-10-25T17:13:31.778+0800: 0.343: [GC pause (G1 Evacuation Pause) (young) 35M->28M(47M), 0.0017355 secs]
2020-10-25T17:13:31.781+0800: 0.346: [GC pause (G1 Evacuation Pause) (mixed) 32M->29M(48M), 0.0022823 secs]
2020-10-25T17:13:31.785+0800: 0.350: [GC pause (G1 Evacuation Pause) (young) 35M->31M(49M), 0.0012496 secs]
2020-10-25T17:13:31.787+0800: 0.352: [GC pause (G1 Humongous Allocation) (young) (initial-mark) 31M->31M(50M), 0.0023893 secs]
2020-10-25T17:13:31.789+0800: 0.354: [GC concurrent-root-region-scan-start]
2020-10-25T17:13:31.789+0800: 0.354: [GC concurrent-root-region-scan-end, 0.0000435 secs]
2020-10-25T17:13:31.789+0800: 0.354: [GC concurrent-mark-start]
2020-10-25T17:13:31.790+0800: 0.356: [GC concurrent-mark-end, 0.0011362 secs]
2020-10-25T17:13:31.791+0800: 0.356: [GC remark, 0.0017217 secs]
2020-10-25T17:13:31.792+0800: 0.358: [GC cleanup 35M->35M(50M), 0.0003710 secs]
2020-10-25T17:13:31.794+0800: 0.359: [GC pause (G1 Evacuation Pause) (young) 38M->34M(51M), 0.0016273 secs]
2020-10-25T17:13:31.796+0800: 0.362: [GC pause (G1 Evacuation Pause) (young) 37M->34M(52M), 0.0019097 secs]
2020-10-25T17:13:31.799+0800: 0.364: [GC pause (G1 Humongous Allocation) (young) (initial-mark) 35M->34M(93M), 0.0027698 secs]
2020-10-25T17:13:31.801+0800: 0.367: [GC concurrent-root-region-scan-start]
2020-10-25T17:13:31.801+0800: 0.367: [GC concurrent-root-region-scan-end, 0.0000130 secs]
2020-10-25T17:13:31.801+0800: 0.367: [GC concurrent-mark-start]
2020-10-25T17:13:31.803+0800: 0.368: [GC concurrent-mark-end, 0.0013424 secs]
2020-10-25T17:13:31.803+0800: 0.368: [GC remark, 0.0018406 secs]
2020-10-25T17:13:31.805+0800: 0.370: [GC cleanup 37M->37M(93M), 0.0003504 secs]
2020-10-25T17:13:31.825+0800: 0.390: [GC pause (G1 Evacuation Pause) (young) 77M->50M(132M), 0.0046617 secs]
2020-10-25T17:13:31.838+0800: 0.403: [GC pause (G1 Humongous Allocation) (young) (initial-mark) 64M->54M(157M), 0.0034623 secs]
2020-10-25T17:13:31.842+0800: 0.407: [GC concurrent-root-region-scan-start]
2020-10-25T17:13:31.842+0800: 0.407: [GC concurrent-root-region-scan-end, 0.0001189 secs]
2020-10-25T17:13:31.842+0800: 0.407: [GC concurrent-mark-start]
2020-10-25T17:13:31.843+0800: 0.408: [GC concurrent-mark-end, 0.0009667 secs]
2020-10-25T17:13:31.843+0800: 0.408: [GC remark, 0.0019074 secs]
2020-10-25T17:13:31.845+0800: 0.410: [GC cleanup 58M->58M(157M), 0.0003662 secs]
2020-10-25T17:13:31.876+0800: 0.441: [GC pause (G1 Evacuation Pause) (young) 118M->74M(177M), 0.0044930 secs]
2020-10-25T17:13:31.882+0800: 0.447: [GC pause (G1 Humongous Allocation) (young) (initial-mark) 76M->74M(193M), 0.0032427 secs]
2020-10-25T17:13:31.885+0800: 0.450: [GC concurrent-root-region-scan-start]
2020-10-25T17:13:31.885+0800: 0.450: [GC concurrent-root-region-scan-end, 0.0000379 secs]
2020-10-25T17:13:31.885+0800: 0.450: [GC concurrent-mark-start]
2020-10-25T17:13:31.886+0800: 0.451: [GC concurrent-mark-end, 0.0010276 secs]
2020-10-25T17:13:31.887+0800: 0.451: [GC remark, 0.0019326 secs]
2020-10-25T17:13:31.889+0800: 0.454: [GC cleanup 79M->79M(193M), 0.0004567 secs]
2020-10-25T17:13:31.913+0800: 0.478: [GC pause (G1 Evacuation Pause) (young) 148M->98M(206M), 0.0042987 secs]
2020-10-25T17:13:31.921+0800: 0.486: [GC pause (G1 Humongous Allocation) (young) (initial-mark) 102M->99M(216M), 0.0038629 secs]
2020-10-25T17:13:31.924+0800: 0.490: [GC concurrent-root-region-scan-start]
2020-10-25T17:13:31.925+0800: 0.490: [GC concurrent-root-region-scan-end, 0.0001628 secs]
2020-10-25T17:13:31.925+0800: 0.490: [GC concurrent-mark-start]
2020-10-25T17:13:31.926+0800: 0.491: [GC concurrent-mark-end, 0.0014894 secs]
2020-10-25T17:13:31.926+0800: 0.491: [GC remark, 0.0018106 secs]
2020-10-25T17:13:31.928+0800: 0.493: [GC cleanup 102M->102M(216M), 0.0004433 secs]
2020-10-25T17:13:31.950+0800: 0.515: [GC pause (G1 Evacuation Pause) (young) 174M->122M(224M), 0.0037701 secs]
2020-10-25T17:13:31.956+0800: 0.521: [GC pause (G1 Evacuation Pause) (mixed) 126M->120M(231M), 0.0032454 secs]
2020-10-25T17:13:31.961+0800: 0.526: [GC pause (G1 Humongous Allocation) (young) (initial-mark) 122M->120M(236M), 0.0022621 secs]
2020-10-25T17:13:31.963+0800: 0.528: [GC concurrent-root-region-scan-start]
2020-10-25T17:13:31.963+0800: 0.529: [GC concurrent-root-region-scan-end, 0.0001169 secs]
2020-10-25T17:13:31.963+0800: 0.529: [GC concurrent-mark-start]
2020-10-25T17:13:31.965+0800: 0.530: [GC concurrent-mark-end, 0.0015080 secs]
2020-10-25T17:13:31.965+0800: 0.530: [GC remark, 0.0019607 secs]
2020-10-25T17:13:31.967+0800: 0.532: [GC cleanup 123M->123M(236M), 0.0004409 secs]
2020-10-25T17:13:31.992+0800: 0.558: [GC pause (G1 Evacuation Pause) (young) 197M->140M(247M), 0.0046795 secs]
2020-10-25T17:13:31.999+0800: 0.564: [GC pause (G1 Evacuation Pause) (mixed) 145M->138M(249M), 0.0033371 secs]
2020-10-25T17:13:32.003+0800: 0.568: [GC pause (G1 Humongous Allocation) (young) (initial-mark) 139M->139M(251M), 0.0022617 secs]
2020-10-25T17:13:32.005+0800: 0.570: [GC concurrent-root-region-scan-start]
2020-10-25T17:13:32.005+0800: 0.571: [GC concurrent-root-region-scan-end, 0.0001663 secs]
2020-10-25T17:13:32.005+0800: 0.571: [GC concurrent-mark-start]
2020-10-25T17:13:32.007+0800: 0.572: [GC concurrent-mark-end, 0.0013535 secs]
2020-10-25T17:13:32.007+0800: 0.572: [GC remark, 0.0016324 secs]
2020-10-25T17:13:32.009+0800: 0.574: [GC cleanup 143M->143M(251M), 0.0003390 secs]
2020-10-25T17:13:32.019+0800: 0.584: [GC pause (G1 Evacuation Pause) (young) 200M->160M(252M), 0.0043062 secs]
2020-10-25T17:13:32.025+0800: 0.590: [GC pause (G1 Evacuation Pause) (mixed) 165M->155M(253M), 0.0039249 secs]
2020-10-25T17:13:32.029+0800: 0.595: [GC pause (G1 Humongous Allocation) (young) (initial-mark) 156M->155M(254M), 0.0012334 secs]
2020-10-25T17:13:32.031+0800: 0.596: [GC concurrent-root-region-scan-start]
2020-10-25T17:13:32.031+0800: 0.596: [GC concurrent-root-region-scan-end, 0.0000845 secs]
2020-10-25T17:13:32.031+0800: 0.596: [GC concurrent-mark-start]
2020-10-25T17:13:32.032+0800: 0.597: [GC concurrent-mark-end, 0.0011891 secs]
2020-10-25T17:13:32.032+0800: 0.597: [GC remark, 0.0018639 secs]
2020-10-25T17:13:32.034+0800: 0.599: [GC cleanup 162M->162M(254M), 0.0003575 secs]
2020-10-25T17:13:32.042+0800: 0.607: [GC pause (G1 Evacuation Pause) (young) 198M->169M(255M), 0.0029507 secs]
2020-10-25T17:13:32.047+0800: 0.612: [GC pause (G1 Evacuation Pause) (mixed) 181M->171M(256M), 0.0037460 secs]
2020-10-25T17:13:32.052+0800: 0.617: [GC pause (G1 Humongous Allocation) (young) (initial-mark) 175M->171M(256M), 0.0021314 secs]
2020-10-25T17:13:32.054+0800: 0.619: [GC concurrent-root-region-scan-start]
2020-10-25T17:13:32.054+0800: 0.620: [GC concurrent-root-region-scan-end, 0.0001233 secs]
2020-10-25T17:13:32.054+0800: 0.620: [GC concurrent-mark-start]
2020-10-25T17:13:32.056+0800: 0.621: [GC concurrent-mark-end, 0.0016766 secs]
2020-10-25T17:13:32.056+0800: 0.621: [GC remark, 0.0013061 secs]
2020-10-25T17:13:32.057+0800: 0.623: [GC cleanup 180M->180M(256M), 0.0003386 secs]
2020-10-25T17:13:32.062+0800: 0.627: [GC pause (G1 Evacuation Pause) (young) 199M->179M(256M), 0.0022171 secs]
2020-10-25T17:13:32.065+0800: 0.630: [GC pause (G1 Evacuation Pause) (mixed) 187M->172M(256M), 0.0036342 secs]
2020-10-25T17:13:32.069+0800: 0.634: [GC pause (G1 Humongous Allocation) (young) (initial-mark) 173M->172M(256M), 0.0010280 secs]
2020-10-25T17:13:32.071+0800: 0.635: [GC concurrent-root-region-scan-start]
2020-10-25T17:13:32.071+0800: 0.636: [GC concurrent-root-region-scan-end, 0.0001478 secs]
2020-10-25T17:13:32.071+0800: 0.636: [GC concurrent-mark-start]
2020-10-25T17:13:32.072+0800: 0.637: [GC concurrent-mark-end, 0.0016668 secs]
2020-10-25T17:13:32.072+0800: 0.637: [GC remark, 0.0019030 secs]
2020-10-25T17:13:32.075+0800: 0.639: [GC cleanup 183M->183M(256M), 0.0003556 secs]
2020-10-25T17:13:32.079+0800: 0.644: [GC pause (G1 Evacuation Pause) (young) 202M->182M(256M), 0.0023115 secs]
2020-10-25T17:13:32.083+0800: 0.648: [GC pause (G1 Evacuation Pause) (mixed) 193M->179M(256M), 0.0041284 secs]
2020-10-25T17:13:32.088+0800: 0.653: [GC pause (G1 Humongous Allocation) (young) (initial-mark) 183M->181M(256M), 0.0024644 secs]
2020-10-25T17:13:32.091+0800: 0.656: [GC concurrent-root-region-scan-start]
2020-10-25T17:13:32.091+0800: 0.656: [GC concurrent-root-region-scan-end, 0.0001015 secs]
2020-10-25T17:13:32.091+0800: 0.656: [GC concurrent-mark-start]
2020-10-25T17:13:32.092+0800: 0.657: [GC concurrent-mark-end, 0.0012911 secs]
2020-10-25T17:13:32.092+0800: 0.657: [GC remark, 0.0016782 secs]
2020-10-25T17:13:32.094+0800: 0.659: [GC cleanup 192M->192M(256M), 0.0004512 secs]
2020-10-25T17:13:32.096+0800: 0.661: [GC pause (G1 Evacuation Pause) (young) 198M->187M(256M), 0.0013009 secs]
2020-10-25T17:13:32.099+0800: 0.664: [GC pause (G1 Evacuation Pause) (mixed) 200M->188M(256M), 0.0027066 secs]
2020-10-25T17:13:32.104+0800: 0.669: [GC pause (G1 Evacuation Pause) (young) 198M->191M(256M), 0.0018303 secs]
2020-10-25T17:13:32.106+0800: 0.671: [GC pause (G1 Humongous Allocation) (young) (initial-mark) 193M->192M(256M), 0.0016928 secs]
2020-10-25T17:13:32.108+0800: 0.673: [GC concurrent-root-region-scan-start]
2020-10-25T17:13:32.108+0800: 0.673: [GC concurrent-root-region-scan-end, 0.0001067 secs]
2020-10-25T17:13:32.108+0800: 0.673: [GC concurrent-mark-start]
2020-10-25T17:13:32.109+0800: 0.674: [GC concurrent-mark-end, 0.0013811 secs]
2020-10-25T17:13:32.110+0800: 0.675: [GC remark, 0.0014771 secs]
2020-10-25T17:13:32.111+0800: 0.676: [GC cleanup 202M->202M(256M), 0.0003093 secs]
2020-10-25T17:13:32.112+0800: 0.677: [GC pause (G1 Evacuation Pause) (young) 204M->195M(256M), 0.0019820 secs]
2020-10-25T17:13:32.116+0800: 0.681: [GC pause (G1 Evacuation Pause) (mixed) 207M->192M(256M), 0.0044721 secs]
2020-10-25T17:13:32.122+0800: 0.687: [GC pause (G1 Humongous Allocation) (young) (initial-mark) 201M->195M(256M), 0.0019623 secs]
2020-10-25T17:13:32.124+0800: 0.689: [GC concurrent-root-region-scan-start]
2020-10-25T17:13:32.124+0800: 0.689: [GC concurrent-root-region-scan-end, 0.0001177 secs]
2020-10-25T17:13:32.124+0800: 0.689: [GC concurrent-mark-start]
2020-10-25T17:13:32.126+0800: 0.691: [GC concurrent-mark-end, 0.0018856 secs]
2020-10-25T17:13:32.126+0800: 0.691: [GC remark, 0.0014135 secs]
2020-10-25T17:13:32.128+0800: 0.693: [GC cleanup 204M->204M(256M), 0.0003445 secs]
2020-10-25T17:13:32.129+0800: 0.694: [GC pause (G1 Evacuation Pause) (young) 208M->199M(256M), 0.0019129 secs]
2020-10-25T17:13:32.132+0800: 0.697: [GC pause (G1 Evacuation Pause) (mixed)-- 211M->214M(256M), 0.0039617 secs]
2020-10-25T17:13:32.138+0800: 0.703: [GC pause (G1 Humongous Allocation) (young) (initial-mark) 218M->214M(256M), 0.0018489 secs]
2020-10-25T17:13:32.140+0800: 0.705: [GC concurrent-root-region-scan-start]
2020-10-25T17:13:32.140+0800: 0.705: [GC concurrent-root-region-scan-end, 0.0001161 secs]
2020-10-25T17:13:32.140+0800: 0.705: [GC concurrent-mark-start]
2020-10-25T17:13:32.141+0800: 0.706: [GC concurrent-mark-end, 0.0013025 secs]
2020-10-25T17:13:32.141+0800: 0.707: [GC remark, 0.0022819 secs]
2020-10-25T17:13:32.144+0800: 0.709: [GC cleanup 221M->221M(256M), 0.0003338 secs]
2020-10-25T17:13:32.145+0800: 0.710: [GC pause (G1 Evacuation Pause) (young)-- 225M->222M(256M), 0.0012263 secs]
2020-10-25T17:13:32.147+0800: 0.713: [GC pause (G1 Evacuation Pause) (mixed)-- 226M->224M(256M), 0.0013428 secs]
2020-10-25T17:13:32.149+0800: 0.714: [GC pause (G1 Evacuation Pause) (mixed)-- 226M->226M(256M), 0.0013314 secs]
2020-10-25T17:13:32.151+0800: 0.716: [Full GC (Allocation Failure)  226M->177M(256M), 0.0271072 secs]
2020-10-25T17:13:32.178+0800: 0.743: [GC pause (G1 Humongous Allocation) (young) (initial-mark) 179M->177M(256M), 0.0013152 secs]
2020-10-25T17:13:32.180+0800: 0.745: [GC concurrent-root-region-scan-start]
2020-10-25T17:13:32.180+0800: 0.745: [GC concurrent-root-region-scan-end, 0.0000541 secs]
2020-10-25T17:13:32.180+0800: 0.745: [GC concurrent-mark-start]
2020-10-25T17:13:32.181+0800: 0.746: [GC concurrent-mark-end, 0.0012772 secs]
2020-10-25T17:13:32.181+0800: 0.746: [GC remark, 0.0021965 secs]
2020-10-25T17:13:32.183+0800: 0.749: [GC cleanup 190M->190M(256M), 0.0004227 secs]
2020-10-25T17:13:32.185+0800: 0.750: [GC pause (G1 Evacuation Pause) (young) 193M->182M(256M), 0.0024553 secs]
2020-10-25T17:13:32.188+0800: 0.753: [GC pause (G1 Humongous Allocation) (young) (initial-mark) 184M->182M(256M), 0.0022337 secs]
2020-10-25T17:13:32.190+0800: 0.756: [GC concurrent-root-region-scan-start]
2020-10-25T17:13:32.190+0800: 0.756: [GC concurrent-root-region-scan-end, 0.0001181 secs]
2020-10-25T17:13:32.191+0800: 0.756: [GC concurrent-mark-start]
2020-10-25T17:13:32.192+0800: 0.757: [GC concurrent-mark-end, 0.0012385 secs]
2020-10-25T17:13:32.192+0800: 0.757: [GC remark, 0.0023629 secs]
2020-10-25T17:13:32.194+0800: 0.760: [GC cleanup 192M->192M(256M), 0.0004666 secs]
2020-10-25T17:13:32.195+0800: 0.761: [GC pause (G1 Evacuation Pause) (young) 195M->186M(256M), 0.0023984 secs]
2020-10-25T17:13:32.200+0800: 0.766: [GC pause (G1 Evacuation Pause) (mixed)-- 201M->200M(256M), 0.0018351 secs]
2020-10-25T17:13:32.203+0800: 0.768: [GC pause (G1 Humongous Allocation) (young) (initial-mark) 203M->200M(256M), 0.0016312 secs]
2020-10-25T17:13:32.205+0800: 0.770: [GC concurrent-root-region-scan-start]
2020-10-25T17:13:32.205+0800: 0.770: [GC concurrent-root-region-scan-end, 0.0001375 secs]
2020-10-25T17:13:32.205+0800: 0.770: [GC concurrent-mark-start]
2020-10-25T17:13:32.206+0800: 0.771: [GC pause (G1 Evacuation Pause) (young)-- 205M->203M(256M), 0.0013412 secs]
2020-10-25T17:13:32.208+0800: 0.773: [GC pause (G1 Evacuation Pause) (young)-- 205M->204M(256M), 0.0014436 secs]
2020-10-25T17:13:32.209+0800: 0.775: [GC pause (G1 Evacuation Pause) (young)-- 205M->205M(256M), 0.0006981 secs]
2020-10-25T17:13:32.210+0800: 0.776: [Full GC (Allocation Failure)  205M->185M(256M), 0.0244164 secs]
2020-10-25T17:13:32.235+0800: 0.800: [GC concurrent-mark-abort]
2020-10-25T17:13:32.235+0800: 0.800: [GC pause (G1 Humongous Allocation) (young) (initial-mark) 186M->185M(256M), 0.0013001 secs]
2020-10-25T17:13:32.236+0800: 0.802: [GC concurrent-root-region-scan-start]
2020-10-25T17:13:32.236+0800: 0.802: [GC concurrent-root-region-scan-end, 0.0000735 secs]
2020-10-25T17:13:32.236+0800: 0.802: [GC concurrent-mark-start]
2020-10-25T17:13:32.238+0800: 0.803: [GC concurrent-mark-end, 0.0015143 secs]
2020-10-25T17:13:32.238+0800: 0.803: [GC remark, 0.0014590 secs]
2020-10-25T17:13:32.239+0800: 0.805: [GC cleanup 193M->193M(256M), 0.0002920 secs]
2020-10-25T17:13:32.241+0800: 0.806: [GC pause (G1 Evacuation Pause) (young) 198M->190M(256M), 0.0017185 secs]
2020-10-25T17:13:32.243+0800: 0.809: [GC pause (G1 Humongous Allocation) (young) (initial-mark) 193M->191M(256M), 0.0016541 secs]
2020-10-25T17:13:32.245+0800: 0.810: [GC concurrent-root-region-scan-start]
2020-10-25T17:13:32.245+0800: 0.811: [GC concurrent-root-region-scan-end, 0.0001154 secs]
2020-10-25T17:13:32.245+0800: 0.811: [GC concurrent-mark-start]
2020-10-25T17:13:32.247+0800: 0.812: [GC concurrent-mark-end, 0.0015198 secs]
2020-10-25T17:13:32.247+0800: 0.812: [GC remark, 0.0015633 secs]
2020-10-25T17:13:32.249+0800: 0.814: [GC cleanup 198M->198M(256M), 0.0004089 secs]
2020-10-25T17:13:32.251+0800: 0.816: [GC pause (G1 Evacuation Pause) (young)-- 203M->201M(256M), 0.0006724 secs]
2020-10-25T17:13:32.252+0800: 0.817: [GC pause (G1 Evacuation Pause) (mixed)-- 204M->204M(256M), 0.0006167 secs]
2020-10-25T17:13:32.253+0800: 0.818: [GC pause (G1 Evacuation Pause) (young)-- 205M->205M(256M), 0.0005231 secs]
2020-10-25T17:13:32.253+0800: 0.818: [Full GC (Allocation Failure)  205M->190M(256M), 0.0237416 secs]
2020-10-25T17:13:32.277+0800: 0.842: [GC pause (G1 Humongous Allocation) (young) (initial-mark) 190M->190M(256M), 0.0007767 secs]
2020-10-25T17:13:32.278+0800: 0.843: [GC concurrent-root-region-scan-start]
2020-10-25T17:13:32.278+0800: 0.843: [GC concurrent-root-region-scan-end, 0.0000284 secs]
2020-10-25T17:13:32.278+0800: 0.843: [GC concurrent-mark-start]
2020-10-25T17:13:32.280+0800: 0.845: [GC pause (G1 Humongous Allocation) (young)-- 203M->198M(256M), 0.0014799 secs]
2020-10-25T17:13:32.281+0800: 0.846: [GC concurrent-mark-end, 0.0032288 secs]
2020-10-25T17:13:32.281+0800: 0.846: [GC remark, 0.0017600 secs]
2020-10-25T17:13:32.283+0800: 0.848: [GC cleanup 203M->203M(256M), 0.0004571 secs]
2020-10-25T17:13:32.284+0800: 0.849: [GC pause (G1 Evacuation Pause) (young)-- 203M->201M(256M), 0.0007281 secs]
2020-10-25T17:13:32.285+0800: 0.850: [GC pause (G1 Humongous Allocation) (young) (initial-mark)-- 204M->203M(256M), 0.0016241 secs]
2020-10-25T17:13:32.287+0800: 0.852: [GC concurrent-root-region-scan-start]
2020-10-25T17:13:32.287+0800: 0.852: [GC concurrent-root-region-scan-end, 0.0000075 secs]
2020-10-25T17:13:32.287+0800: 0.852: [GC concurrent-mark-start]
2020-10-25T17:13:32.287+0800: 0.852: [GC pause (G1 Evacuation Pause) (young) 204M->203M(256M), 0.0011516 secs]
2020-10-25T17:13:32.289+0800: 0.854: [GC pause (G1 Evacuation Pause) (young)-- 204M->204M(256M), 0.0013207 secs]
2020-10-25T17:13:32.290+0800: 0.855: [Full GC (Allocation Failure)  204M->193M(256M), 0.0252354 secs]
2020-10-25T17:13:32.316+0800: 0.881: [GC concurrent-mark-abort]
2020-10-25T17:13:32.316+0800: 0.881: [GC pause (G1 Humongous Allocation) (young) (initial-mark) 196M->194M(256M), 0.0016877 secs]
2020-10-25T17:13:32.318+0800: 0.883: [GC concurrent-root-region-scan-start]
2020-10-25T17:13:32.318+0800: 0.883: [GC concurrent-root-region-scan-end, 0.0000407 secs]
2020-10-25T17:13:32.318+0800: 0.883: [GC concurrent-mark-start]
2020-10-25T17:13:32.319+0800: 0.884: [GC concurrent-mark-end, 0.0012583 secs]
2020-10-25T17:13:32.319+0800: 0.884: [GC remark, 0.0022906 secs]
2020-10-25T17:13:32.322+0800: 0.887: [GC cleanup 203M->203M(256M), 0.0004429 secs]
2020-10-25T17:13:32.323+0800: 0.888: [GC pause (G1 Evacuation Pause) (young)-- 205M->203M(256M), 0.0016225 secs]
2020-10-25T17:13:32.325+0800: 0.890: [GC pause (G1 Humongous Allocation) (young) (initial-mark) 206M->204M(256M), 0.0016577 secs]
2020-10-25T17:13:32.327+0800: 0.892: [GC concurrent-root-region-scan-start]
2020-10-25T17:13:32.327+0800: 0.892: [GC concurrent-root-region-scan-end, 0.0001612 secs]
2020-10-25T17:13:32.327+0800: 0.892: [GC concurrent-mark-start]
2020-10-25T17:13:32.327+0800: 0.892: [GC pause (G1 Evacuation Pause) (young)-- 206M->205M(256M), 0.0019631 secs]
2020-10-25T17:13:32.330+0800: 0.895: [GC pause (G1 Evacuation Pause) (young)-- 206M->206M(256M), 0.0012934 secs]
2020-10-25T17:13:32.331+0800: 0.896: [Full GC (Allocation Failure)  206M->195M(256M), 0.0256660 secs]
2020-10-25T17:13:32.357+0800: 0.922: [GC concurrent-mark-abort]
2020-10-25T17:13:32.357+0800: 0.922: [GC pause (G1 Humongous Allocation) (young) (initial-mark) 196M->195M(256M), 0.0020413 secs]
2020-10-25T17:13:32.359+0800: 0.924: [GC concurrent-root-region-scan-start]
2020-10-25T17:13:32.359+0800: 0.924: [GC concurrent-root-region-scan-end, 0.0000845 secs]
2020-10-25T17:13:32.359+0800: 0.924: [GC concurrent-mark-start]
2020-10-25T17:13:32.360+0800: 0.925: [GC pause (G1 Evacuation Pause) (young)-- 203M->200M(256M), 0.0007392 secs]
2020-10-25T17:13:32.361+0800: 0.926: [GC concurrent-mark-end, 0.0022372 secs]
2020-10-25T17:13:32.361+0800: 0.927: [GC remark, 0.0021875 secs]
2020-10-25T17:13:32.364+0800: 0.929: [GC cleanup 202M->202M(256M), 0.0004670 secs]
2020-10-25T17:13:32.365+0800: 0.930: [GC pause (G1 Humongous Allocation) (young)-- 203M->203M(256M), 0.0013179 secs]
2020-10-25T17:13:32.366+0800: 0.931: [GC pause (G1 Evacuation Pause) (young) 203M->203M(256M), 0.0006325 secs]
2020-10-25T17:13:32.367+0800: 0.932: [GC pause (G1 Evacuation Pause) (young) (initial-mark) 203M->203M(256M), 0.0006325 secs]
2020-10-25T17:13:32.367+0800: 0.933: [GC concurrent-root-region-scan-start]
2020-10-25T17:13:32.367+0800: 0.933: [GC concurrent-root-region-scan-end, 0.0000075 secs]
2020-10-25T17:13:32.367+0800: 0.933: [GC concurrent-mark-start]
2020-10-25T17:13:32.367+0800: 0.933: [Full GC (Allocation Failure)  203M->198M(256M), 0.0062704 secs]
2020-10-25T17:13:32.374+0800: 0.939: [GC concurrent-mark-abort]
2020-10-25T17:13:32.374+0800: 0.939: [GC pause (G1 Humongous Allocation) (young) (initial-mark) 198M->198M(256M), 0.0008233 secs]
2020-10-25T17:13:32.375+0800: 0.940: [GC concurrent-root-region-scan-start]
2020-10-25T17:13:32.375+0800: 0.940: [GC concurrent-root-region-scan-end, 0.0000075 secs]
2020-10-25T17:13:32.375+0800: 0.940: [GC concurrent-mark-start]
2020-10-25T17:13:32.375+0800: 0.941: [GC pause (G1 Evacuation Pause) (young)-- 202M->201M(256M), 0.0008885 secs]
2020-10-25T17:13:32.376+0800: 0.942: [GC pause (G1 Humongous Allocation) (young)-- 202M->202M(256M), 0.0013385 secs]
2020-10-25T17:13:32.378+0800: 0.943: [Full GC (Allocation Failure)  202M->199M(256M), 0.0223491 secs]
2020-10-25T17:13:32.400+0800: 0.966: [GC concurrent-mark-abort]
2020-10-25T17:13:32.400+0800: 0.966: [GC pause (G1 Humongous Allocation) (young) (initial-mark) 201M->201M(256M), 0.0009592 secs]
2020-10-25T17:13:32.401+0800: 0.967: [GC concurrent-root-region-scan-start]
2020-10-25T17:13:32.402+0800: 0.967: [GC concurrent-root-region-scan-end, 0.0000249 secs]
2020-10-25T17:13:32.402+0800: 0.967: [GC concurrent-mark-start]
2020-10-25T17:13:32.402+0800: 0.968: [GC pause (G1 Evacuation Pause) (young)-- 203M->203M(256M), 0.0006665 secs]
2020-10-25T17:13:32.403+0800: 0.969: [Full GC (Allocation Failure)  203M->201M(256M), 0.0058805 secs]
2020-10-25T17:13:32.409+0800: 0.974: [GC concurrent-mark-abort]
2020-10-25T17:13:32.409+0800: 0.975: [GC pause (G1 Humongous Allocation) (young) (initial-mark)-- 202M->202M(256M), 0.0019777 secs]
2020-10-25T17:13:32.411+0800: 0.977: [GC concurrent-root-region-scan-start]
2020-10-25T17:13:32.411+0800: 0.977: [GC concurrent-root-region-scan-end, 0.0000217 secs]
2020-10-25T17:13:32.411+0800: 0.977: [GC concurrent-mark-start]
2020-10-25T17:13:32.411+0800: 0.977: [GC pause (G1 Humongous Allocation) (young) 202M->202M(256M), 0.0013839 secs]
2020-10-25T17:13:32.413+0800: 0.978: [Full GC (Allocation Failure)  202M->201M(256M), 0.0030803 secs]
2020-10-25T17:13:32.416+0800: 0.981: [GC concurrent-mark-abort]
2020-10-25T17:13:32.416+0800: 0.982: [GC pause (G1 Humongous Allocation) (young) (initial-mark)-- 203M->202M(256M), 0.0012642 secs]
2020-10-25T17:13:32.418+0800: 0.983: [GC concurrent-root-region-scan-start]
2020-10-25T17:13:32.418+0800: 0.983: [GC concurrent-root-region-scan-end, 0.0000091 secs]
2020-10-25T17:13:32.418+0800: 0.983: [GC concurrent-mark-start]
2020-10-25T17:13:32.418+0800: 0.983: [GC pause (G1 Evacuation Pause) (young) 203M->203M(256M), 0.0011153 secs]
2020-10-25T17:13:32.419+0800: 0.984: [GC pause (G1 Evacuation Pause) (young) 203M->203M(256M), 0.0012255 secs]
2020-10-25T17:13:32.420+0800: 0.986: [Full GC (Allocation Failure)  203M->201M(256M), 0.0182151 secs]
2020-10-25T17:13:32.439+0800: 1.004: [GC concurrent-mark-abort]
2020-10-25T17:13:32.439+0800: 1.004: [GC pause (G1 Evacuation Pause) (young)-- 202M->202M(256M), 0.0025711 secs]
2020-10-25T17:13:32.442+0800: 1.007: [Full GC (Allocation Failure)  202M->202M(256M), 0.0041545 secs]
2020-10-25T17:13:32.446+0800: 1.011: [GC pause (G1 Evacuation Pause) (young)-- 203M->202M(256M), 0.0017758 secs]
2020-10-25T17:13:32.448+0800: 1.013: [GC pause (G1 Evacuation Pause) (young) (initial-mark)-- 203M->202M(256M), 0.0016016 secs]
2020-10-25T17:13:32.450+0800: 1.015: [GC concurrent-root-region-scan-start]
2020-10-25T17:13:32.450+0800: 1.015: [GC concurrent-root-region-scan-end, 0.0000249 secs]
2020-10-25T17:13:32.450+0800: 1.015: [GC concurrent-mark-start]
2020-10-25T17:13:32.450+0800: 1.015: [GC pause (G1 Evacuation Pause) (young)-- 203M->203M(256M), 0.0021689 secs]
2020-10-25T17:13:32.453+0800: 1.018: [Full GC (Allocation Failure)  203M->202M(256M), 0.0188275 secs]
2020-10-25T17:13:32.472+0800: 1.037: [GC concurrent-mark-abort]
2020-10-25T17:13:32.472+0800: 1.037: [GC pause (G1 Evacuation Pause) (young)-- 204M->204M(256M), 0.0014779 secs]
2020-10-25T17:13:32.474+0800: 1.039: [Full GC (Allocation Failure)  204M->202M(256M), 0.0040249 secs]
2020-10-25T17:13:32.478+0800: 1.043: [GC pause (G1 Humongous Allocation) (young) (initial-mark)-- 203M->203M(256M), 0.0018943 secs]
2020-10-25T17:13:32.480+0800: 1.045: [GC concurrent-root-region-scan-start]
2020-10-25T17:13:32.480+0800: 1.045: [GC concurrent-root-region-scan-end, 0.0000079 secs]
2020-10-25T17:13:32.480+0800: 1.045: [GC concurrent-mark-start]
2020-10-25T17:13:32.480+0800: 1.045: [GC pause (G1 Humongous Allocation) (young) 203M->203M(256M), 0.0024881 secs]
2020-10-25T17:13:32.483+0800: 1.048: [Full GC (Allocation Failure)  203M->202M(256M), 0.0034738 secs]
2020-10-25T17:13:32.487+0800: 1.052: [GC concurrent-mark-abort]
2020-10-25T17:13:32.487+0800: 1.052: [GC pause (G1 Evacuation Pause) (young) 203M->202M(256M), 0.0014554 secs]
2020-10-25T17:13:32.488+0800: 1.053: [GC pause (G1 Evacuation Pause) (young) (initial-mark)-- 203M->203M(256M), 0.0018615 secs]
2020-10-25T17:13:32.490+0800: 1.055: [GC concurrent-root-region-scan-start]
2020-10-25T17:13:32.490+0800: 1.055: [GC concurrent-root-region-scan-end, 0.0000111 secs]
2020-10-25T17:13:32.490+0800: 1.055: [GC concurrent-mark-start]
2020-10-25T17:13:32.490+0800: 1.055: [Full GC (Allocation Failure)  203M->202M(256M), 0.0161960 secs]
2020-10-25T17:13:32.507+0800: 1.072: [GC concurrent-mark-abort]
2020-10-25T17:13:32.507+0800: 1.073: [GC pause (G1 Evacuation Pause) (young)-- 204M->204M(256M), 0.0015467 secs]
2020-10-25T17:13:32.509+0800: 1.074: [Full GC (Allocation Failure)  204M->202M(256M), 0.0044962 secs]
2020-10-25T17:13:32.514+0800: 1.079: [GC pause (G1 Humongous Allocation) (young) (initial-mark) 203M->203M(256M), 0.0011263 secs]
2020-10-25T17:13:32.515+0800: 1.080: [GC concurrent-root-region-scan-start]
2020-10-25T17:13:32.515+0800: 1.080: [GC concurrent-root-region-scan-end, 0.0001320 secs]
2020-10-25T17:13:32.515+0800: 1.080: [GC concurrent-mark-start]
2020-10-25T17:13:32.515+0800: 1.080: [GC pause (G1 Evacuation Pause) (young)-- 203M->203M(256M), 0.0009450 secs]
2020-10-25T17:13:32.516+0800: 1.081: [GC pause (G1 Evacuation Pause) (young) 203M->203M(256M), 0.0006696 secs]
2020-10-25T17:13:32.517+0800: 1.082: [Full GC (Allocation Failure)  203M->203M(256M), 0.0051544 secs]
2020-10-25T17:13:32.522+0800: 1.087: [Full GC (Allocation Failure)  203M->203M(256M), 0.0036851 secs]
2020-10-25T17:13:32.526+0800: 1.091: [GC concurrent-mark-abort]
2020-10-25T17:13:32.526+0800: 1.091: [GC pause (G1 Evacuation Pause) (young) 203M->203M(256M), 0.0012496 secs]
2020-10-25T17:13:32.528+0800: 1.093: [GC pause (G1 Evacuation Pause) (young) (initial-mark) 203M->203M(256M), 0.0017809 secs]
2020-10-25T17:13:32.529+0800: 1.094: [GC concurrent-root-region-scan-start]
2020-10-25T17:13:32.529+0800: 1.095: [GC concurrent-root-region-scan-end, 0.0000107 secs]
2020-10-25T17:13:32.529+0800: 1.095: [GC concurrent-mark-start]
2020-10-25T17:13:32.529+0800: 1.095: [Full GC (Allocation Failure)  203M->535K(6144K), 0.0381602 secs]
2020-10-25T17:13:32.568+0800: 1.133: [GC concurrent-mark-abort]
